begin;
    create table blog_post(
        id bigserial primary key,
        title text not null,
        parent_id bigint references blog_post(id)
    );
    select graphql.resolve($$
    mutation {
      createBlogPost(object: {
        title: "hello"
        parentId: "1"
      }) {
        id
        parentId
      }
    }
    $$);
                                 resolve                                  
--------------------------------------------------------------------------
 {"data": {"createBlogPost": {"id": "1", "parentId": "1"}}, "errors": []}
(1 row)

    select graphql.resolve($$
    mutation {
      updateBlogPostCollection(set: {
        title: "xx"
      }) {
        affectedCount
        records {
          id
          parentId
        }
      }
    }
    $$);
                                                        resolve                                                        
-----------------------------------------------------------------------------------------------------------------------
 {"data": {"updateBlogPostCollection": {"records": [{"id": "1", "parentId": "1"}], "affectedCount": 1}}, "errors": []}
(1 row)

    select graphql.resolve($$
    {
      blogPostCollection {
        totalCount
        edges {
          node {
            id
            parentId
            parent {
              id
              parentId
            }
          }
        }
      }
    }
    $$);
                                                                           resolve                                                                            
--------------------------------------------------------------------------------------------------------------------------------------------------------------
 {"data": {"blogPostCollection": {"edges": [{"node": {"id": "1", "parent": {"id": "1", "parentId": "1"}, "parentId": "1"}}], "totalCount": 1}}, "errors": []}
(1 row)

rollback;
