select
    graphql.resolve($${ utcNow: heartbeat }$$) -> 'data' ->> 'utcNow' like '2%'
 ?column? 
----------
 t
(1 row)

