begin;
    /*
        Composite and array types are not currently supported as inputs
        - confirm composites are not allowed anywhere
        - confirm arrays are not allowed as input
    */
    create type complex as (r int, i int);
    create table something(
        id serial primary key,
        name varchar(255) not null,
        tags text[],
        comps complex,
        js json,
        jsb jsonb
    );
    select graphql.rebuild_schema();
 rebuild_schema 
----------------
 
(1 row)

    select
        name, parent_type, type_, is_not_null, is_array, is_arg
    from
        graphql.field
    where
        entity = 'something'::regclass
        and column_name is not null
    order by
        parent_type,
        name;
 name |     parent_type      |      type_       | is_not_null | is_array | is_arg 
------+----------------------+------------------+-------------+----------+--------
 id   | Something            | Int              | t           | f        | f
 js   | Something            | JSON             | f           | f        | f
 jsb  | Something            | JSON             | f           | f        | f
 name | Something            | String           | t           | f        | f
 tags | Something            | String           | f           | t        | f
 id   | SomethingFilter      | IntFilter        | f           | f        | f
 name | SomethingFilter      | StringFilter     | f           | f        | f
 js   | SomethingInsertInput | JSON             | f           | f        | t
 jsb  | SomethingInsertInput | JSON             | f           | f        | t
 name | SomethingInsertInput | String           | f           | f        | t
 id   | SomethingOrderBy     | OrderByDirection | f           | f        | f
 name | SomethingOrderBy     | OrderByDirection | f           | f        | f
 tags | SomethingOrderBy     | OrderByDirection | f           | f        | f
 js   | SomethingUpdateInput | JSON             | f           | f        | t
 jsb  | SomethingUpdateInput | JSON             | f           | f        | t
 name | SomethingUpdateInput | String           | f           | f        | t
(16 rows)

rollback;
