begin;
    create table account(
        id serial primary key,
        email varchar(255) not null
    );
    comment on table public.account is E'@graphql({"name": "UserAccount"})';
    select name from graphql.type where entity = 'public.account'::regclass order by name;
         name          
-----------------------
 UserAccount
 UserAccountConnection
 UserAccountEdge
 UserAccountFilter
 UserAccountOrderBy
(5 rows)

rollback;
