begin;
    create table account(
        id serial primary key,
        email varchar(255) not null
    );
    comment on column public.account.email is E'@graphql({"name": "emailAddress"})';
    select graphql.rebuild_schema();
 rebuild_schema 
----------------
 
(1 row)

    select
        name
    from
        graphql.field
    where
        entity = 'public.account'::regclass
        and column_name = 'email'
        and meta_kind = 'Column'
        and not is_arg;
     name     
--------------
 emailAddress
(1 row)

rollback;
