begin;
    savepoint a;
    create table account(
        id serial primary key
    );
    -- Should be visible because it has a primary ky
    select * from graphql.entity;
 entity  
---------
 account
(1 row)

    rollback to savepoint a;
    create table account(
        id serial
    );
    -- Should NOT be visible because it does not have a primary ky
    select * from graphql.entity;
 entity 
--------
(0 rows)

rollback;
