begin;
    select graphql.resolve($$
    {
      account {
        id
      }
    }
    $$);
                                resolve                                
-----------------------------------------------------------------------
 {"data": null, "errors": ["Unknown field 'account' on type 'Query'"]}
(1 row)

rollback;
