begin;
    create table account(
        id int primary key
    );
    select graphql.resolve($$
    {
      accountCollection {
        dneField
        totalCount
      }
    }
    $$);
                                             resolve                                             
-------------------------------------------------------------------------------------------------
 {"data": null, "errors": [{"message": "Unknown field 'dneField' on type 'AccountConnection'"}]}
(1 row)

rollback;
