begin;
    select graphql.resolve($$
    mutation {
       insertDNE(object: {
        email: "o@r.com"
      }) {
        id
      }
    }
    $$);
                                         resolve                                         
-----------------------------------------------------------------------------------------
 {"data": null, "errors": [{"message": "Unknown field 'insertDNE' on type 'Mutation'"}]}
(1 row)

rollback;
