begin;
    create table account(
        id int primary key
    );
    select graphql.resolve($$
    {
      accountCollection {
        totalCount
        edges {
            dneField
        }
      }
    }
    $$);
                                   resolve                                    
------------------------------------------------------------------------------
 {"data": null, "errors": ["Unknown field 'dneField' on type 'AccountEdge'"]}
(1 row)

rollback;
