select graphql.resolve($$
{ { {
    shouldFail
  }
}
$$);
                           resolve                            
--------------------------------------------------------------
 {"errors": [{"message": "2.3: syntax error, unexpected {"}]}
(1 row)

