begin;
    create table account(
        id int primary key
    );
    insert into public.account(id)
    select * from generate_series(1,5);
    select jsonb_pretty(
        graphql.resolve($$
            {
              accountCollection(first: 2, after: "WyJhY2NvdW50IiwgM10=") {
                edges {
                  node {
                    nodeId
                    id
                  }
                }
              }
            }
        $$)
    );
                       jsonb_pretty                       
----------------------------------------------------------
 {                                                       +
     "data": {                                           +
         "accountCollection": {                          +
             "edges": [                                  +
                 {                                       +
                     "node": {                           +
                         "id": 4,                        +
                         "nodeId": "WyJhY2NvdW50IiwgNF0="+
                     }                                   +
                 },                                      +
                 {                                       +
                     "node": {                           +
                         "id": 5,                        +
                         "nodeId": "WyJhY2NvdW50IiwgNV0="+
                     }                                   +
                 }                                       +
             ]                                           +
         }                                               +
     },                                                  +
     "errors": [                                         +
     ]                                                   +
 }
(1 row)

    -- First without an after clause
    select jsonb_pretty(
        graphql.resolve($$
            {
              accountCollection(first: 2) {
                edges {
                  node {
                    nodeId
                    id
                  }
                }
              }
            }
        $$)
    );
                       jsonb_pretty                       
----------------------------------------------------------
 {                                                       +
     "data": {                                           +
         "accountCollection": {                          +
             "edges": [                                  +
                 {                                       +
                     "node": {                           +
                         "id": 1,                        +
                         "nodeId": "WyJhY2NvdW50IiwgMV0="+
                     }                                   +
                 },                                      +
                 {                                       +
                     "node": {                           +
                         "id": 2,                        +
                         "nodeId": "WyJhY2NvdW50IiwgMl0="+
                     }                                   +
                 }                                       +
             ]                                           +
         }                                               +
     },                                                  +
     "errors": [                                         +
     ]                                                   +
 }
(1 row)

rollback;
